// Jest Snapshot v1, https://goo.gl/fbAQLP

exports[`matches snapshot 1`] = `
<div
  className="App"
>
  <div
    className="headerdiv"
    data-testid="head"
  >
    <div
      className="logodiv"
    >
      <img
        alt="logo"
        className="logoimg"
        src="Bosch_logo.jpg"
      />
    </div>
    <div
      className="nav"
    >
      <svg
        aria-hidden={true}
        className="MuiSvgIcon-root MuiSvgIcon-fontSizeMedium css-191iaz0-MuiSvgIcon-root"
        data-testid="KeyboardDoubleArrowDownIcon"
        focusable="false"
        viewBox="0 0 24 24"
      >
        <path
          d="M18 6.41 16.59 5 12 9.58 7.41 5 6 6.41l6 6z"
        />
        <path
          d="m18 13-1.41-1.41L12 16.17l-4.59-4.58L6 13l6 6z"
        />
      </svg>
    </div>
    <div
      className="screenHead"
    >
      <h4
        className="head"
        style={
          Object {
            "color": "white",
          }
        }
      >
        View Standard Processes
      </h4>
    </div>
  </div>
  <div
    style={
      Object {
        "display": "block",
        "padding": 30,
        "width": "100%",
      }
    }
  >
    <div
      className="ant-tabs ant-tabs-top"
    >
      <div
        className="ant-tabs-nav"
        onKeyDown={[Function]}
        role="tablist"
      >
        <div
          className="ant-tabs-nav-wrap"
        >
          <div
            className="ant-tabs-nav-list"
            style={
              Object {
                "transform": "translate(0px, 0px)",
                "transition": undefined,
              }
            }
          >
            <div
              className="ant-tabs-tab ant-tabs-tab-active"
              onClick={[Function]}
            >
              <div
                aria-controls={null}
                aria-selected={true}
                className="ant-tabs-tab-btn"
                id={null}
                onClick={[Function]}
                onFocus={[Function]}
                onKeyDown={[Function]}
                role="tab"
                tabIndex={0}
              >
                Baselines
              </div>
            </div>
            <div
              className="ant-tabs-tab"
              onClick={[Function]}
              style={
                Object {
                  "marginLeft": undefined,
                }
              }
            >
              <div
                aria-controls={null}
                aria-selected={false}
                className="ant-tabs-tab-btn"
                id={null}
                onClick={[Function]}
                onFocus={[Function]}
                onKeyDown={[Function]}
                role="tab"
                tabIndex={0}
              >
                Working Draft
              </div>
            </div>
            <div
              className="ant-tabs-tab"
              onClick={[Function]}
              style={
                Object {
                  "marginLeft": undefined,
                }
              }
            >
              <div
                aria-controls={null}
                aria-selected={false}
                className="ant-tabs-tab-btn"
                id={null}
                onClick={[Function]}
                onFocus={[Function]}
                onKeyDown={[Function]}
                role="tab"
                tabIndex={0}
              >
                Archived
              </div>
            </div>
            <div
              className="ant-tabs-ink-bar ant-tabs-ink-bar-animated"
            />
          </div>
        </div>
        <div
          className="ant-tabs-nav-operations ant-tabs-nav-operations-hidden"
        >
          <button
            aria-controls="null-more-popup"
            aria-expanded={false}
            aria-haspopup="listbox"
            aria-hidden="true"
            className="ant-tabs-nav-more"
            id="null-more"
            onKeyDown={[Function]}
            onMouseEnter={[Function]}
            onMouseLeave={[Function]}
            style={
              Object {
                "marginLeft": undefined,
                "order": 1,
                "visibility": "hidden",
              }
            }
            tabIndex={-1}
            type="button"
          >
            <span
              aria-label="ellipsis"
              className="anticon anticon-ellipsis"
              role="img"
            >
              <svg
                aria-hidden="true"
                data-icon="ellipsis"
                fill="currentColor"
                focusable="false"
                height="1em"
                viewBox="64 64 896 896"
                width="1em"
              >
                <path
                  d="M176 511a56 56 0 10112 0 56 56 0 10-112 0zm280 0a56 56 0 10112 0 56 56 0 10-112 0zm280 0a56 56 0 10112 0 56 56 0 10-112 0z"
                />
              </svg>
            </span>
          </button>
        </div>
      </div>
      <div
        className="ant-tabs-content-holder"
      >
        <div
          className="ant-tabs-content ant-tabs-content-top"
          style={null}
        >
          <div
            aria-hidden={false}
            aria-labelledby={null}
            className="ant-tabs-tabpane ant-tabs-tabpane-active"
            id={null}
            role="tabpanel"
            style={Object {}}
            tabIndex={0}
          >
            <div
              className="tablediv"
            >
              <div
                className="searchbardiv"
              >
                <label
                  for="search"
                >
                  Search: Â 
                </label>
                <input
                  data-testid="searchbox"
                  id="serach"
                  name="search"
                  onChange={[Function]}
                  placeholder="search"
                  type="text"
                  value=" "
                />
              </div>
              <table
                role="table"
              >
                <thead>
                  <tr>
                    <th
                      colSpan={1}
                      onClick={[Function]}
                      role="columnheader"
                      style={
                        Object {
                          "cursor": "pointer",
                        }
                      }
                      title="Toggle SortBy"
                    >
                      ID
                      <span />
                    </th>
                    <th
                      colSpan={1}
                      onClick={[Function]}
                      role="columnheader"
                      style={
                        Object {
                          "cursor": "pointer",
                        }
                      }
                      title="Toggle SortBy"
                    >
                      NAME
                      <span />
                    </th>
                    <th
                      colSpan={1}
                      onClick={[Function]}
                      role="columnheader"
                      style={
                        Object {
                          "cursor": "pointer",
                        }
                      }
                      title="Toggle SortBy"
                    >
                      TYPE
                      <span />
                    </th>
                    <th
                      colSpan={1}
                      onClick={[Function]}
                      role="columnheader"
                      style={
                        Object {
                          "cursor": "pointer",
                        }
                      }
                      title="Toggle SortBy"
                    >
                      DOMAIN
                      <span />
                    </th>
                    <th
                      colSpan={1}
                      onClick={[Function]}
                      role="columnheader"
                      style={
                        Object {
                          "cursor": "pointer",
                        }
                      }
                      title="Toggle SortBy"
                    >
                      CREATED ON
                      <span />
                    </th>
                    <th
                      colSpan={1}
                      onClick={[Function]}
                      role="columnheader"
                      style={
                        Object {
                          "cursor": "pointer",
                        }
                      }
                      title="Toggle SortBy"
                    >
                      RELEASED ON
                      <span />
                    </th>
                    <th
                      colSpan={1}
                      onClick={[Function]}
                      role="columnheader"
                      style={
                        Object {
                          "cursor": "pointer",
                        }
                      }
                      title="Toggle SortBy"
                    >
                      USERVIEW
                      <span />
                    </th>
                    <th />
                    <th>
                      <input
                        type="checkbox"
                      />
                    </th>
                  </tr>
                </thead>
                <tbody
                  role="rowgroup"
                >
                  <tr
                    role="row"
                  >
                    <td
                      role="cell"
                    >
                      381
                    </td>
                    <td
                      role="cell"
                    >
                      Acquisition R1.3.0
                    </td>
                    <td
                      role="cell"
                    >
                      LEADERSHIPCORE
                    </td>
                    <td
                      role="cell"
                    >
                      Acquisition_process
                    </td>
                    <td
                      role="cell"
                    >
                      09/10/2021
                    </td>
                    <td
                      role="cell"
                    >
                      25/11/2021
                    </td>
                    <td
                      role="cell"
                    >
                      Userview-EN
                    </td>
                    <td>
                      <a
                        style={
                          Object {
                            "color": "blue",
                            "cursor": "pointer",
                          }
                        }
                      >
                        Edit
                      </a>
                    </td>
                    <td>
                      <input
                        disabled={true}
                        style={
                          Object {
                            "cursor": "not-allowed",
                          }
                        }
                        type="checkbox"
                      />
                    </td>
                  </tr>
                  <tr
                    role="row"
                  >
                    <td
                      role="cell"
                    >
                      366
                    </td>
                    <td
                      role="cell"
                    >
                      Acquisition R1.2.0
                    </td>
                    <td
                      role="cell"
                    >
                      LEADERSHIPCORE
                    </td>
                    <td
                      role="cell"
                    >
                      Acquisition_process
                    </td>
                    <td
                      role="cell"
                    >
                      09/10/2021
                    </td>
                    <td
                      role="cell"
                    >
                      29/04/2021
                    </td>
                    <td
                      role="cell"
                    >
                      Userview-EN
                    </td>
                    <td>
                      <a
                        style={
                          Object {
                            "color": "blue",
                            "cursor": "pointer",
                          }
                        }
                      >
                        Edit
                      </a>
                    </td>
                    <td>
                      <input
                        disabled={true}
                        style={
                          Object {
                            "cursor": "not-allowed",
                          }
                        }
                        type="checkbox"
                      />
                    </td>
                  </tr>
                  <tr
                    role="row"
                  >
                    <td
                      role="cell"
                    >
                      57
                    </td>
                    <td
                      role="cell"
                    >
                      Technical_Acquisition EN R1.0.0
                    </td>
                    <td
                      role="cell"
                    >
                      CORE
                    </td>
                    <td
                      role="cell"
                    >
                      Acquisition_process
                    </td>
                    <td
                      role="cell"
                    >
                      09/10/2021
                    </td>
                    <td
                      role="cell"
                    >
                      29/12/2014
                    </td>
                    <td
                      role="cell"
                    >
                      Userview-EN
                    </td>
                    <td>
                      <a
                        style={
                          Object {
                            "color": "blue",
                            "cursor": "pointer",
                          }
                        }
                      >
                        Edit
                      </a>
                    </td>
                    <td>
                      <input
                        disabled={true}
                        style={
                          Object {
                            "cursor": "not-allowed",
                          }
                        }
                        type="checkbox"
                      />
                    </td>
                  </tr>
                  <tr
                    role="row"
                  >
                    <td
                      role="cell"
                    >
                      50
                    </td>
                    <td
                      role="cell"
                    >
                      Technical_Acquisition BSL0.0.3
                    </td>
                    <td
                      role="cell"
                    >
                      CORE
                    </td>
                    <td
                      role="cell"
                    >
                      Acquisition_process
                    </td>
                    <td
                      role="cell"
                    >
                      09/10/2021
                    </td>
                    <td
                      role="cell"
                    >
                      18/11/2021
                    </td>
                    <td
                      role="cell"
                    >
                      Userview-EN
                    </td>
                    <td>
                      <a
                        style={
                          Object {
                            "color": "blue",
                            "cursor": "pointer",
                          }
                        }
                      >
                        Edit
                      </a>
                    </td>
                    <td>
                      <input
                        disabled={true}
                        style={
                          Object {
                            "cursor": "not-allowed",
                          }
                        }
                        type="checkbox"
                      />
                    </td>
                  </tr>
                  <tr
                    role="row"
                  >
                    <td
                      role="cell"
                    >
                      389
                    </td>
                    <td
                      role="cell"
                    >
                      Manufacturing Standardization R1.0.0
                    </td>
                    <td
                      role="cell"
                    >
                      SUPPORT
                    </td>
                    <td
                      role="cell"
                    >
                      AE/TEF
                    </td>
                    <td
                      role="cell"
                    >
                      09/10/2021
                    </td>
                    <td
                      role="cell"
                    >
                      25/11/2021
                    </td>
                    <td
                      role="cell"
                    >
                      Userview-EN
                    </td>
                    <td>
                      <a
                        style={
                          Object {
                            "color": "blue",
                            "cursor": "pointer",
                          }
                        }
                      >
                        Edit
                      </a>
                    </td>
                    <td>
                      <input
                        disabled={true}
                        style={
                          Object {
                            "cursor": "not-allowed",
                          }
                        }
                        type="checkbox"
                      />
                    </td>
                  </tr>
                  <tr
                    role="row"
                  >
                    <td
                      role="cell"
                    >
                      390
                    </td>
                    <td
                      role="cell"
                    >
                      MAE supplier strategy R1.0.0
                    </td>
                    <td
                      role="cell"
                    >
                      SUPPORT
                    </td>
                    <td
                      role="cell"
                    >
                      AE/TEF1
                    </td>
                    <td
                      role="cell"
                    >
                      09/10/2021
                    </td>
                    <td
                      role="cell"
                    >
                      25/11/2021
                    </td>
                    <td
                      role="cell"
                    >
                      Userview-EN
                    </td>
                    <td>
                      <a
                        style={
                          Object {
                            "color": "blue",
                            "cursor": "pointer",
                          }
                        }
                      >
                        Edit
                      </a>
                    </td>
                    <td>
                      <input
                        disabled={true}
                        style={
                          Object {
                            "cursor": "not-allowed",
                          }
                        }
                        type="checkbox"
                      />
                    </td>
                  </tr>
                  <tr
                    role="row"
                  >
                    <td
                      role="cell"
                    >
                      391
                    </td>
                    <td
                      role="cell"
                    >
                      ECU Testing R1.0.0
                    </td>
                    <td
                      role="cell"
                    >
                      SUPPORT
                    </td>
                    <td
                      role="cell"
                    >
                      AE/TEF7
                    </td>
                    <td
                      role="cell"
                    >
                      09/10/2021
                    </td>
                    <td
                      role="cell"
                    >
                      25/11/2021
                    </td>
                    <td
                      role="cell"
                    >
                      Userview-EN
                    </td>
                    <td>
                      <a
                        style={
                          Object {
                            "color": "blue",
                            "cursor": "pointer",
                          }
                        }
                      >
                        Edit
                      </a>
                    </td>
                    <td>
                      <input
                        disabled={true}
                        style={
                          Object {
                            "cursor": "not-allowed",
                          }
                        }
                        type="checkbox"
                      />
                    </td>
                  </tr>
                  <tr
                    role="row"
                  >
                    <td
                      role="cell"
                    >
                      392
                    </td>
                    <td
                      role="cell"
                    >
                      MAE design R1.0.0
                    </td>
                    <td
                      role="cell"
                    >
                      CORE
                    </td>
                    <td
                      role="cell"
                    >
                      AE/TEF8
                    </td>
                    <td
                      role="cell"
                    >
                      09/10/2021
                    </td>
                    <td
                      role="cell"
                    >
                      25/11/2021
                    </td>
                    <td
                      role="cell"
                    >
                      Userview-EN
                    </td>
                    <td>
                      <a
                        style={
                          Object {
                            "color": "blue",
                            "cursor": "pointer",
                          }
                        }
                      >
                        Edit
                      </a>
                    </td>
                    <td>
                      <input
                        disabled={true}
                        style={
                          Object {
                            "cursor": "not-allowed",
                          }
                        }
                        type="checkbox"
                      />
                    </td>
                  </tr>
                  <tr
                    role="row"
                  >
                    <td
                      role="cell"
                    >
                      370
                    </td>
                    <td
                      role="cell"
                    >
                      Manufacturing Technology Engineering R3.6.0
                    </td>
                    <td
                      role="cell"
                    >
                      SUPPORT
                    </td>
                    <td
                      role="cell"
                    >
                      AIT(Assembly and interconnect Technology)
                    </td>
                    <td
                      role="cell"
                    >
                      09/10/2021
                    </td>
                    <td
                      role="cell"
                    >
                      29/04/2021
                    </td>
                    <td
                      role="cell"
                    >
                      Userview-EN
                    </td>
                    <td>
                      <a
                        style={
                          Object {
                            "color": "blue",
                            "cursor": "pointer",
                          }
                        }
                      >
                        Edit
                      </a>
                    </td>
                    <td>
                      <input
                        disabled={true}
                        style={
                          Object {
                            "cursor": "not-allowed",
                          }
                        }
                        type="checkbox"
                      />
                    </td>
                  </tr>
                  <tr
                    role="row"
                  >
                    <td
                      role="cell"
                    >
                      345
                    </td>
                    <td
                      role="cell"
                    >
                      Business Unit Knowledge Base R3.1.0
                    </td>
                    <td
                      role="cell"
                    >
                      SUPPORT
                    </td>
                    <td
                      role="cell"
                    >
                      Business Unit Knowledge Base
                    </td>
                    <td
                      role="cell"
                    >
                      09/10/2021
                    </td>
                    <td
                      role="cell"
                    >
                      29/05/2020
                    </td>
                    <td
                      role="cell"
                    >
                      Userview-EN,DE
                    </td>
                    <td>
                      <a
                        style={
                          Object {
                            "color": "blue",
                            "cursor": "pointer",
                          }
                        }
                      >
                        Edit
                      </a>
                    </td>
                    <td>
                      <input
                        disabled={true}
                        style={
                          Object {
                            "cursor": "not-allowed",
                          }
                        }
                        type="checkbox"
                      />
                    </td>
                  </tr>
                  <tr
                    role="row"
                  >
                    <td
                      role="cell"
                    >
                      374
                    </td>
                    <td
                      role="cell"
                    >
                      Quality Management R3.5.0
                    </td>
                    <td
                      role="cell"
                    >
                      SUPPORT
                    </td>
                    <td
                      role="cell"
                    >
                      Quality Management
                    </td>
                    <td
                      role="cell"
                    >
                      09/10/2021
                    </td>
                    <td
                      role="cell"
                    >
                      29/04/2021
                    </td>
                    <td
                      role="cell"
                    >
                      Userview-EN,DE
                    </td>
                    <td>
                      <a
                        style={
                          Object {
                            "color": "blue",
                            "cursor": "pointer",
                          }
                        }
                      >
                        Edit
                      </a>
                    </td>
                    <td>
                      <input
                        disabled={true}
                        style={
                          Object {
                            "cursor": "not-allowed",
                          }
                        }
                        type="checkbox"
                      />
                    </td>
                  </tr>
                  <tr
                    role="row"
                  >
                    <td
                      role="cell"
                    >
                      226
                    </td>
                    <td
                      role="cell"
                    >
                      Project Life Cycle Platform R2.5.0
                    </td>
                    <td
                      role="cell"
                    >
                      CORE
                    </td>
                    <td
                      role="cell"
                    >
                      PLC Platform
                    </td>
                    <td
                      role="cell"
                    >
                      09/10/2021
                    </td>
                    <td
                      role="cell"
                    >
                      22/12/2017
                    </td>
                    <td
                      role="cell"
                    >
                      Userview-EN
                    </td>
                    <td>
                      <a
                        style={
                          Object {
                            "color": "blue",
                            "cursor": "pointer",
                          }
                        }
                      >
                        Edit
                      </a>
                    </td>
                    <td>
                      <input
                        disabled={true}
                        style={
                          Object {
                            "cursor": "not-allowed",
                          }
                        }
                        type="checkbox"
                      />
                    </td>
                  </tr>
                </tbody>
              </table>
              <h4
                style={
                  Object {
                    "float": "left",
                  }
                }
              >
                Showing 1 to 10 of 10 entries
              </h4>
              <div
                className="footer"
                data-testid="footerBaseline"
              >
                <button
                  className="b1 button"
                  type="button"
                >
                  Refresh
                </button>
                <button
                  className="b2 button"
                  type="button"
                >
                  Generate Process Data
                </button>
                <button
                  className="b3 button"
                  type="button"
                >
                  Archive Process
                </button>
              </div>
            </div>
          </div>
          <div
            aria-hidden={true}
            aria-labelledby={null}
            className="ant-tabs-tabpane"
            id={null}
            role="tabpanel"
            style={
              Object {
                "display": "none",
              }
            }
            tabIndex={-1}
          />
          <div
            aria-hidden={true}
            aria-labelledby={null}
            className="ant-tabs-tabpane"
            id={null}
            role="tabpanel"
            style={
              Object {
                "display": "none",
              }
            }
            tabIndex={-1}
          />
        </div>
      </div>
    </div>
  </div>
</div>
`;
